$ npm ci --ignore-scripts
npm warn Unknown env config "http-proxy". This will stop working in the next major version of npm.
npm warn Unknown project config "min-release-age". This will stop working in the next major version of npm.
npm warn EBADENGINE Unsupported engine {
npm warn EBADENGINE   package: 'qm@0.1.0',
npm warn EBADENGINE   required: { node: '>=24.15.0', npm: '>=11.10.0' },
npm warn EBADENGINE   current: { node: 'v20.20.2', npm: '11.4.2' }
npm warn EBADENGINE }
npm warn EBADENGINE Unsupported engine {
npm warn EBADENGINE   package: '@yc-software/qm@0.1.4',
npm warn EBADENGINE   required: { node: '>=24.0.0' },
npm warn EBADENGINE   current: { node: 'v20.20.2', npm: '11.4.2' }
npm warn EBADENGINE }
npm warn EBADENGINE Unsupported engine {
npm warn EBADENGINE   package: '@earendil-works/pi-agent-core@0.82.1',
npm warn EBADENGINE   required: { node: '>=22.19.0' },
npm warn EBADENGINE   current: { node: 'v20.20.2', npm: '11.4.2' }
npm warn EBADENGINE }
npm warn EBADENGINE Unsupported engine {
npm warn EBADENGINE   package: '@earendil-works/pi-ai@0.82.1',
npm warn EBADENGINE   required: { node: '>=22.19.0' },
npm warn EBADENGINE   current: { node: 'v20.20.2', npm: '11.4.2' }
npm warn EBADENGINE }
npm warn EBADENGINE Unsupported engine {
npm warn EBADENGINE   package: '@earendil-works/pi-ai@0.82.0',
npm warn EBADENGINE   required: { node: '>=22.19.0' },
npm warn EBADENGINE   current: { node: 'v20.20.2', npm: '11.4.2' }
npm warn EBADENGINE }
npm warn EBADENGINE Unsupported engine {
npm warn EBADENGINE   package: '@earendil-works/pi-coding-agent@0.82.0',
npm warn EBADENGINE   required: { node: '>=22.19.0' },
npm warn EBADENGINE   current: { node: 'v20.20.2', npm: '11.4.2' }
npm warn EBADENGINE }
npm warn EBADENGINE Unsupported engine {
npm warn EBADENGINE   package: '@earendil-works/pi-tui@0.82.1',
npm warn EBADENGINE   required: { node: '>=22.19.0' },
npm warn EBADENGINE   current: { node: 'v20.20.2', npm: '11.4.2' }
npm warn EBADENGINE }
npm warn EBADENGINE Unsupported engine {
npm warn EBADENGINE   package: '@fly/sprites@0.0.1',
npm warn EBADENGINE   required: { node: '>=24.0.0' },
npm warn EBADENGINE   current: { node: 'v20.20.2', npm: '11.4.2' }
npm warn EBADENGINE }
npm warn EBADENGINE Unsupported engine {
npm warn EBADENGINE   package: 'ini@7.0.0',
npm warn EBADENGINE   required: { node: '^22.22.2 || ^24.15.0 || >=26.0.0' },
npm warn EBADENGINE   current: { node: 'v20.20.2', npm: '11.4.2' }
npm warn EBADENGINE }
npm warn EBADENGINE Unsupported engine {
npm warn EBADENGINE   package: 'pg-boss@12.26.3',
npm warn EBADENGINE   required: { node: '>=22.12.0' },
npm warn EBADENGINE   current: { node: 'v20.20.2', npm: '11.4.2' }
npm warn EBADENGINE }
npm warn EBADENGINE Unsupported engine {
npm warn EBADENGINE   package: 'undici@8.5.0',
npm warn EBADENGINE   required: { node: '>=22.19.0' },
npm warn EBADENGINE   current: { node: 'v20.20.2', npm: '11.4.2' }
npm warn EBADENGINE }
npm warn EBADENGINE Unsupported engine {
npm warn EBADENGINE   package: '@yc-software/qm@0.1.0',
npm warn EBADENGINE   required: { node: '>=24.0.0' },
npm warn EBADENGINE   current: { node: 'v20.20.2', npm: '11.4.2' }
npm warn EBADENGINE }
npm warn deprecated node-domexception@1.0.0: Use your platform's native DOMException instead
npm warn deprecated node-domexception@1.0.0: Use your platform's native DOMException instead

added 714 packages, and audited 716 packages in 47s

114 packages are looking for funding
  run `npm fund` for details

found 0 vulnerabilities
npm notice
npm notice New minor version of npm available! 11.4.2 -> 11.19.0
npm notice Changelog: https://github.com/npm/cli/releases/tag/v11.19.0
npm notice To update run: npm install -g npm@11.19.0
npm notice
exit=0
