## Install Bun
Sat Aug  1 16:01:36 UTC 2026
$ curl -fsSL https://bun.sh/install | bash -s -- bun-v1.3.14
curl: (22) The requested URL returned error: 403

/bin/bash: line 7: /root/.bun/bin/bun: No such file or directory

$ bun install --frozen-lockfile
/bin/bash: line 9: /root/.bun/bin/bun: No such file or directory

real	0m0.005s
user	0m0.000s
sys	0m0.006s

## Fallback Bun installation via npm
Sat Aug  1 16:01:44 UTC 2026
$ npm install --global bun@1.3.14
npm warn Unknown env config "http-proxy". This will stop working in the next major version of npm.

added 17 packages in 12s
npm notice
npm notice New minor version of npm available! 11.4.2 -> 11.19.0
npm notice Changelog: https://github.com/npm/cli/releases/tag/v11.19.0
npm notice To update run: npm install -g npm@11.19.0
npm notice
1.3.14

$ bun install --frozen-lockfile
bun install v1.3.14 (0d9b296a)

+ typescript@6.0.3
+ vite@8.2.0

1242 packages installed [9.84s]

real	0m9.897s
user	0m3.669s
sys	0m9.861s
